{"name": "miit_2_to_3", "status": "ok", "gradients": 296}
{"name": "miit_7_to_8", "status": "ok", "gradients": 293}
{"name": "miit_10_to_11", "status": "ok", "gradients": 292}
{"name": "he_to_cc10", "status": "ok", "gradients": 292}
{"name": "he_to_cd31", "status": "ok", "gradients": 294}
{"name": "he_to_ki67", "status": "ok", "gradients": 295}
{"name": "he_to_prospc", "status": "ok", "gradients": 284}
{"name": "cc10_to_he", "status": "ok", "gradients": 288}
{"name": "cc10_to_cd31", "status": "ok", "gradients": 293}
{"name": "cc10_to_ki67", "status": "ok", "gradients": 290}
{"name": "cc10_to_prospc", "status": "ok", "gradients": 294}
{"name": "cd31_to_he", "status": "ok", "gradients": 297}
{"name": "cd31_to_cc10", "status": "ok", "gradients": 278}
{"name": "cd31_to_ki67", "status": "ok", "gradients": 285}
{"name": "cd31_to_prospc", "status": "ok", "gradients": 298}
{"name": "ki67_to_he", "status": "ok", "gradients": 292}
{"name": "ki67_to_cc10", "status": "ok", "gradients": 300}
{"name": "ki67_to_cd31", "status": "ok", "gradients": 293}
{"name": "ki67_to_prospc", "status": "ok", "gradients": 290}
{"name": "prospc_to_he", "status": "ok", "gradients": 291}
{"name": "prospc_to_cc10", "status": "ok", "gradients": 293}
{"name": "prospc_to_cd31", "status": "ok", "gradients": 285}
{"name": "prospc_to_ki67", "status": "ok", "gradients": 294}
{"name": "histo", "status": "ok", "gradients": 300}
{"name": "rat_kidney", "status": "ok", "gradients": 300}
