{"arm": "direct_original", "name": "miit_2_to_3", "status": "ok"}
{"arm": "direct_original", "name": "miit_7_to_8", "status": "ok"}
{"arm": "direct_original", "name": "miit_10_to_11", "status": "ok"}
{"arm": "direct_original", "name": "he_to_cc10", "status": "ok"}
{"arm": "direct_original", "name": "he_to_cd31", "status": "ok"}
{"arm": "direct_original", "name": "he_to_ki67", "status": "ok"}
{"arm": "direct_original", "name": "he_to_prospc", "status": "ok"}
{"arm": "direct_original", "name": "cc10_to_he", "status": "ok"}
{"arm": "direct_original", "name": "cc10_to_cd31", "status": "ok"}
{"arm": "direct_original", "name": "cc10_to_ki67", "status": "ok"}
{"arm": "direct_original", "name": "cc10_to_prospc", "status": "ok"}
{"arm": "direct_original", "name": "cd31_to_he", "status": "ok"}
{"arm": "direct_original", "name": "cd31_to_cc10", "status": "ok"}
{"arm": "direct_original", "name": "cd31_to_ki67", "status": "ok"}
{"arm": "direct_original", "name": "cd31_to_prospc", "status": "ok"}
{"arm": "direct_original", "name": "ki67_to_he", "status": "ok"}
{"arm": "direct_original", "name": "ki67_to_cc10", "status": "ok"}
{"arm": "direct_original", "name": "ki67_to_cd31", "status": "ok"}
{"arm": "direct_original", "name": "ki67_to_prospc", "status": "ok"}
{"arm": "direct_original", "name": "prospc_to_he", "status": "ok"}
{"arm": "direct_original", "name": "prospc_to_cc10", "status": "ok"}
{"arm": "direct_original", "name": "prospc_to_cd31", "status": "ok"}
{"arm": "direct_original", "name": "prospc_to_ki67", "status": "ok"}
{"arm": "direct_original", "name": "histo", "status": "ok"}
{"arm": "direct_original", "name": "rat_kidney", "status": "ok"}
{"arm": "lift512", "name": "miit_2_to_3", "status": "ok"}
{"arm": "lift512", "name": "miit_7_to_8", "status": "ok"}
{"arm": "lift512", "name": "miit_10_to_11", "status": "ok"}
{"arm": "lift512", "name": "he_to_cc10", "status": "ok"}
{"arm": "lift512", "name": "he_to_cd31", "status": "ok"}
{"arm": "lift512", "name": "he_to_ki67", "status": "ok"}
{"arm": "lift512", "name": "he_to_prospc", "status": "ok"}
{"arm": "lift512", "name": "cc10_to_he", "status": "ok"}
{"arm": "lift512", "name": "cc10_to_cd31", "status": "ok"}
{"arm": "lift512", "name": "cc10_to_ki67", "status": "ok"}
{"arm": "lift512", "name": "cc10_to_prospc", "status": "ok"}
{"arm": "lift512", "name": "cd31_to_he", "status": "ok"}
{"arm": "lift512", "name": "cd31_to_cc10", "status": "ok"}
{"arm": "lift512", "name": "cd31_to_ki67", "status": "ok"}
{"arm": "lift512", "name": "cd31_to_prospc", "status": "ok"}
{"arm": "lift512", "name": "ki67_to_he", "status": "ok"}
{"arm": "lift512", "name": "ki67_to_cc10", "status": "ok"}
{"arm": "lift512", "name": "ki67_to_cd31", "status": "ok"}
{"arm": "lift512", "name": "ki67_to_prospc", "status": "ok"}
{"arm": "lift512", "name": "prospc_to_he", "status": "ok"}
{"arm": "lift512", "name": "prospc_to_cc10", "status": "ok"}
{"arm": "lift512", "name": "prospc_to_cd31", "status": "ok"}
{"arm": "lift512", "name": "prospc_to_ki67", "status": "ok"}
{"arm": "lift512", "name": "histo", "status": "ok"}
{"arm": "lift512", "name": "rat_kidney", "status": "ok"}
