Image loading finished.
Source shape: torch.Size([1, 3, 3046, 2857])
Target shape: torch.Size([1, 3, 3046, 2857])
Loading time: 5.500286817550659 seconds.
Preprocessing finished.
Preprocessed source shape: torch.Size([1, 1, 3046, 2857])
Preprocessed target shape: torch.Size([1, 1, 3046, 2857])
Preprocessing time: 12.026202201843262 seconds.
Nonrigid registration finished.
Nonrigid registration time: 8.707085847854614 seconds.
Total registration time: 26.813810348510742 seconds.
Final displacement field saved.
Image loading finished.
Source shape: torch.Size([1, 3, 2894, 3039])
Target shape: torch.Size([1, 3, 2894, 3039])
Loading time: 1.484917402267456 seconds.
Preprocessing finished.
Preprocessed source shape: torch.Size([1, 1, 2894, 3039])
Preprocessed target shape: torch.Size([1, 1, 2894, 3039])
Preprocessing time: 0.07576346397399902 seconds.
Nonrigid registration finished.
Nonrigid registration time: 8.559171676635742 seconds.
Total registration time: 10.84867787361145 seconds.
Final displacement field saved.
Image loading finished.
Source shape: torch.Size([1, 3, 3093, 2893])
Target shape: torch.Size([1, 3, 3093, 2893])
Loading time: 1.5393619537353516 seconds.
Preprocessing finished.
Preprocessed source shape: torch.Size([1, 1, 3093, 2893])
Preprocessed target shape: torch.Size([1, 1, 3093, 2893])
Preprocessing time: 0.1020517349243164 seconds.
Nonrigid registration finished.
Nonrigid registration time: 8.504125595092773 seconds.
Total registration time: 10.898411989212036 seconds.
Final displacement field saved.
