/home/ET/zhxu/QC_optimization_research/coordinated_instance_20261001/matchanything_cache/source/src/loftr/loftr_module/linear_attention.py:36: FutureWarning: `torch.cuda.amp.custom_fwd(args...)` is deprecated. Please use `torch.amp.custom_fwd(args..., device_type='cuda')` instead.
  @torch.cuda.amp.custom_fwd(cast_inputs=torch.float32)
/home/ET/zhxu/QC_optimization_research/coordinated_instance_20261001/matchanything_cache/source/src/loftr/loftr_module/linear_attention.py:74: FutureWarning: `torch.cuda.amp.custom_fwd(args...)` is deprecated. Please use `torch.amp.custom_fwd(args..., device_type='cuda')` instead.
  @torch.cuda.amp.custom_fwd(cast_inputs=torch.float32)
/home/ET/zhxu/QC_optimization_research/coordinated_instance_20261001/matchanything_cache/source/src/loftr/loftr_module/transformer_utils.py:40: FutureWarning: `torch.cuda.amp.custom_fwd(args...)` is deprecated. Please use `torch.amp.custom_fwd(args..., device_type='cuda')` instead.
  @torch.cuda.amp.custom_fwd(cast_inputs=torch.float32)
/home/ET/zhxu/QC_optimization_research/coordinated_instance_20261001/matchanything_cache/venv/lib/python3.10/site-packages/kornia/feature/lightglue.py:44: FutureWarning: `torch.cuda.amp.custom_fwd(args...)` is deprecated. Please use `torch.amp.custom_fwd(args..., device_type='cuda')` instead.
  @torch.cuda.amp.custom_fwd(cast_inputs=torch.float32)
2026-10-02 20:48:30.874 | INFO     | src.loftr.loftr_module.transformer:__init__:1441 - npe trainH,trainW,testH,testW: 832, 832, 512, 512
RepVGG Block, identity =  None
RepVGG Block, identity =  BatchNorm2d(64, eps=1e-05, momentum=0.1, affine=True, track_running_stats=True)
RepVGG Block, identity =  BatchNorm2d(64, eps=1e-05, momentum=0.1, affine=True, track_running_stats=True)
RepVGG Block, identity =  None
RepVGG Block, identity =  BatchNorm2d(128, eps=1e-05, momentum=0.1, affine=True, track_running_stats=True)
RepVGG Block, identity =  BatchNorm2d(128, eps=1e-05, momentum=0.1, affine=True, track_running_stats=True)
RepVGG Block, identity =  BatchNorm2d(128, eps=1e-05, momentum=0.1, affine=True, track_running_stats=True)
RepVGG Block, identity =  None
RepVGG Block, identity =  BatchNorm2d(256, eps=1e-05, momentum=0.1, affine=True, track_running_stats=True)
RepVGG Block, identity =  BatchNorm2d(256, eps=1e-05, momentum=0.1, affine=True, track_running_stats=True)
RepVGG Block, identity =  BatchNorm2d(256, eps=1e-05, momentum=0.1, affine=True, track_running_stats=True)
RepVGG Block, identity =  BatchNorm2d(256, eps=1e-05, momentum=0.1, affine=True, track_running_stats=True)
RepVGG Block, identity =  BatchNorm2d(256, eps=1e-05, momentum=0.1, affine=True, track_running_stats=True)
RepVGG Block, identity =  BatchNorm2d(256, eps=1e-05, momentum=0.1, affine=True, track_running_stats=True)
RepVGG Block, identity =  BatchNorm2d(256, eps=1e-05, momentum=0.1, affine=True, track_running_stats=True)
RepVGG Block, identity =  BatchNorm2d(256, eps=1e-05, momentum=0.1, affine=True, track_running_stats=True)
RepVGG Block, identity =  BatchNorm2d(256, eps=1e-05, momentum=0.1, affine=True, track_running_stats=True)
RepVGG Block, identity =  BatchNorm2d(256, eps=1e-05, momentum=0.1, affine=True, track_running_stats=True)
RepVGG Block, identity =  BatchNorm2d(256, eps=1e-05, momentum=0.1, affine=True, track_running_stats=True)
RepVGG Block, identity =  BatchNorm2d(256, eps=1e-05, momentum=0.1, affine=True, track_running_stats=True)
RepVGG Block, identity =  BatchNorm2d(256, eps=1e-05, momentum=0.1, affine=True, track_running_stats=True)
{"name": "miit_2_to_3", "extraction": "ok"}
{"name": "miit_7_to_8", "extraction": "ok"}
{"name": "miit_10_to_11", "extraction": "ok"}
{"name": "he_to_cc10", "extraction": "ok"}
{"name": "he_to_cd31", "extraction": "ok"}
{"name": "he_to_ki67", "extraction": "ok"}
{"name": "he_to_prospc", "extraction": "ok"}
{"name": "cc10_to_he", "extraction": "ok"}
{"name": "cc10_to_cd31", "extraction": "ok"}
{"name": "cc10_to_ki67", "extraction": "ok"}
{"name": "cc10_to_prospc", "extraction": "ok"}
{"name": "cd31_to_he", "extraction": "ok"}
{"name": "cd31_to_cc10", "extraction": "ok"}
{"name": "cd31_to_ki67", "extraction": "ok"}
{"name": "cd31_to_prospc", "extraction": "ok"}
{"name": "ki67_to_he", "extraction": "ok"}
{"name": "ki67_to_cc10", "extraction": "ok"}
{"name": "ki67_to_cd31", "extraction": "ok"}
{"name": "ki67_to_prospc", "extraction": "ok"}
{"name": "prospc_to_he", "extraction": "ok"}
{"name": "prospc_to_cc10", "extraction": "ok"}
{"name": "prospc_to_cd31", "extraction": "ok"}
{"name": "prospc_to_ki67", "extraction": "ok"}
{"name": "histo", "extraction": "ok"}
{"name": "rat_kidney", "extraction": "ok"}
{"name": "miit_2_to_3", "arm": "frozen_suffix", "status": "ok"}
{"name": "miit_2_to_3", "arm": "refreshed_suffix", "status": "ok"}
{"name": "miit_7_to_8", "arm": "refreshed_suffix", "status": "ok"}
{"name": "miit_7_to_8", "arm": "frozen_suffix", "status": "ok"}
{"name": "miit_10_to_11", "arm": "frozen_suffix", "status": "ok"}
{"name": "miit_10_to_11", "arm": "refreshed_suffix", "status": "ok"}
{"name": "he_to_cc10", "arm": "refreshed_suffix", "status": "ok"}
{"name": "he_to_cc10", "arm": "frozen_suffix", "status": "ok"}
{"name": "he_to_cd31", "arm": "frozen_suffix", "status": "ok"}
{"name": "he_to_cd31", "arm": "refreshed_suffix", "status": "ok"}
{"name": "he_to_ki67", "arm": "refreshed_suffix", "status": "ok"}
{"name": "he_to_ki67", "arm": "frozen_suffix", "status": "ok"}
{"name": "he_to_prospc", "arm": "frozen_suffix", "status": "ok"}
{"name": "he_to_prospc", "arm": "refreshed_suffix", "status": "ok"}
{"name": "cc10_to_he", "arm": "refreshed_suffix", "status": "ok"}
{"name": "cc10_to_he", "arm": "frozen_suffix", "status": "ok"}
{"name": "cc10_to_cd31", "arm": "frozen_suffix", "status": "ok"}
{"name": "cc10_to_cd31", "arm": "refreshed_suffix", "status": "ok"}
{"name": "cc10_to_ki67", "arm": "refreshed_suffix", "status": "ok"}
{"name": "cc10_to_ki67", "arm": "frozen_suffix", "status": "ok"}
{"name": "cc10_to_prospc", "arm": "frozen_suffix", "status": "ok"}
{"name": "cc10_to_prospc", "arm": "refreshed_suffix", "status": "ok"}
{"name": "cd31_to_he", "arm": "refreshed_suffix", "status": "ok"}
{"name": "cd31_to_he", "arm": "frozen_suffix", "status": "ok"}
{"name": "cd31_to_cc10", "arm": "frozen_suffix", "status": "ok"}
{"name": "cd31_to_cc10", "arm": "refreshed_suffix", "status": "ok"}
{"name": "cd31_to_ki67", "arm": "refreshed_suffix", "status": "ok"}
{"name": "cd31_to_ki67", "arm": "frozen_suffix", "status": "ok"}
{"name": "cd31_to_prospc", "arm": "frozen_suffix", "status": "ok"}
{"name": "cd31_to_prospc", "arm": "refreshed_suffix", "status": "ok"}
{"name": "ki67_to_he", "arm": "refreshed_suffix", "status": "ok"}
{"name": "ki67_to_he", "arm": "frozen_suffix", "status": "ok"}
{"name": "ki67_to_cc10", "arm": "frozen_suffix", "status": "ok"}
{"name": "ki67_to_cc10", "arm": "refreshed_suffix", "status": "ok"}
{"name": "ki67_to_cd31", "arm": "refreshed_suffix", "status": "ok"}
{"name": "ki67_to_cd31", "arm": "frozen_suffix", "status": "ok"}
{"name": "ki67_to_prospc", "arm": "frozen_suffix", "status": "ok"}
{"name": "ki67_to_prospc", "arm": "refreshed_suffix", "status": "ok"}
{"name": "prospc_to_he", "arm": "refreshed_suffix", "status": "ok"}
{"name": "prospc_to_he", "arm": "frozen_suffix", "status": "ok"}
{"name": "prospc_to_cc10", "arm": "frozen_suffix", "status": "ok"}
{"name": "prospc_to_cc10", "arm": "refreshed_suffix", "status": "ok"}
{"name": "prospc_to_cd31", "arm": "refreshed_suffix", "status": "ok"}
{"name": "prospc_to_cd31", "arm": "frozen_suffix", "status": "ok"}
{"name": "prospc_to_ki67", "arm": "frozen_suffix", "status": "ok"}
{"name": "prospc_to_ki67", "arm": "refreshed_suffix", "status": "ok"}
{"name": "histo", "arm": "refreshed_suffix", "status": "ok"}
{"name": "histo", "arm": "frozen_suffix", "status": "ok"}
{"name": "rat_kidney", "arm": "frozen_suffix", "status": "ok"}
{"name": "rat_kidney", "arm": "refreshed_suffix", "status": "ok"}
