Image loading finished.
Source shape: torch.Size([1, 3, 2894, 3039])
Target shape: torch.Size([1, 3, 2894, 3039])
Loading time: 1.5377206802368164 seconds.
Preprocessing finished.
Preprocessed source shape: torch.Size([1, 1, 2894, 3039])
Preprocessed target shape: torch.Size([1, 1, 2894, 3039])
Preprocessing time: 0.08085918426513672 seconds.
Nonrigid registration finished.
Nonrigid registration time: 8.918082475662231 seconds.
Total registration time: 11.289587259292603 seconds.
Final displacement field saved.
Image loading finished.
Source shape: torch.Size([1, 3, 3093, 2893])
Target shape: torch.Size([1, 3, 3093, 2893])
Loading time: 1.5854389667510986 seconds.
Preprocessing finished.
Preprocessed source shape: torch.Size([1, 1, 3093, 2893])
Preprocessed target shape: torch.Size([1, 1, 3093, 2893])
Preprocessing time: 0.11219239234924316 seconds.
Nonrigid registration finished.
Nonrigid registration time: 9.008748531341553 seconds.
Total registration time: 11.521124839782715 seconds.
Final displacement field saved.
